// Jest Snapshot v1, https://goo.gl/fbAQLP

exports[`<Panel /> default snapshot 1`] = `
<div
  class="css-13bbivi"
>
  <form>
    <div>
      <input
        class="select"
        label="Preview Theme"
        name="preview-theme"
        value="none"
      />
    </div>
  </form>
</div>
`;
