// Jest Snapshot v1, https://goo.gl/fbAQLP

exports[`<PanelWrapper /> matches snapshot 1`] = `
<div
  class="css-13bbivi"
/>
`;
